2026-10-03 12:06:26.160 CEST [33148] LOG:  starting PostgreSQL 18.6 on x86_64-windows, compiled by msvc-19.44.35228, 64-bit
2026-10-03 12:06:26.161 CEST [33148] LOG:  listening on IPv4 address "127.0.0.1", port 62214
2026-10-03 12:06:26.232 CEST [48832] LOG:  database system was shut down at 2026-10-03 12:06:21 CEST
2026-10-03 12:06:26.250 CEST [33148] LOG:  database system is ready to accept connections
2026-10-03 12:06:27.482 CEST [46428] ERROR:  permission denied for table driver_roundtrip
2026-10-03 12:06:27.482 CEST [46428] STATEMENT:  DELETE FROM driver_roundtrip
2026-10-03 12:06:27.513 CEST [52160] ERROR:  must be owner of table driver_roundtrip
2026-10-03 12:06:27.513 CEST [52160] STATEMENT:  ALTER TABLE driver_roundtrip ADD COLUMN extra text
2026-10-03 12:06:28.521 CEST [18896] ERROR:  canceling statement due to statement timeout
2026-10-03 12:06:28.521 CEST [18896] STATEMENT:  SELECT pg_sleep(3)
2026-10-03 12:06:28.521 CEST [18896] LOG:  could not receive data from client: An existing connection was forcibly closed by the remote host.
	
2026-10-03 12:06:29.557 CEST [52468] ERROR:  column "missing_column" does not exist at character 8
2026-10-03 12:06:29.557 CEST [52468] STATEMENT:  SELECT missing_column FROM driver_roundtrip
2026-10-03 12:06:30.012 CEST [47752] ERROR:  schema "dashboard_v1" already exists
2026-10-03 12:06:30.012 CEST [47752] STATEMENT:  BEGIN;
	CREATE SCHEMA dashboard_v1;
	CREATE TABLE dashboard_v1.snapshot (
	    singleton boolean PRIMARY KEY CHECK (singleton),
	    observed_at timestamptz NOT NULL CHECK (isfinite(observed_at)),
	    payload jsonb NOT NULL CHECK (
	        (jsonb_typeof(payload) = 'object'
	         AND jsonb_typeof(payload->'nodes') = 'array'
	         AND jsonb_typeof(payload->'charts') = 'object') IS TRUE
	    )
	);
	COMMIT;
	
2026-10-03 12:06:30.065 CEST [32360] ERROR:  new row for relation "snapshot" violates check constraint "snapshot_payload_check"
2026-10-03 12:06:30.065 CEST [32360] DETAIL:  Failing row contains (t, 2026-01-02 01:00:00+01, {}).
2026-10-03 12:06:30.065 CEST [32360] STATEMENT:  INSERT INTO dashboard_v1.snapshot (singleton, observed_at, payload)
	             VALUES (true, $1, $2::jsonb)
	             ON CONFLICT (singleton) DO UPDATE
	             SET observed_at = EXCLUDED.observed_at, payload = EXCLUDED.payload
	             WHERE EXCLUDED.observed_at >= dashboard_v1.snapshot.observed_at
2026-10-03 12:06:30.093 CEST [32208] ERROR:  permission denied for table snapshot
2026-10-03 12:06:30.093 CEST [32208] STATEMENT:  DELETE FROM dashboard_v1.snapshot
2026-10-03 12:06:30.121 CEST [52808] ERROR:  permission denied for table snapshot
2026-10-03 12:06:30.121 CEST [52808] STATEMENT:  DELETE FROM dashboard_v1.snapshot
2026-10-03 12:06:30.148 CEST [42472] ERROR:  permission denied for schema dashboard_v1 at character 14
2026-10-03 12:06:30.148 CEST [42472] STATEMENT:  CREATE TABLE dashboard_v1.unexpected (id int)
2026-10-03 12:06:34.338 CEST [33148] LOG:  received fast shutdown request
2026-10-03 12:06:34.345 CEST [33148] LOG:  aborting any active transactions
2026-10-03 12:06:34.350 CEST [33148] LOG:  background worker "logical replication launcher" (PID 49772) exited with exit code 1
2026-10-03 12:06:34.350 CEST [22424] LOG:  shutting down
2026-10-03 12:06:34.354 CEST [22424] LOG:  checkpoint starting: shutdown immediate
2026-10-03 12:06:34.558 CEST [22424] LOG:  checkpoint complete: wrote 67 buffers (3.3%), wrote 3 SLRU buffers; 0 WAL file(s) added, 0 removed, 0 recycled; write=0.006 s, sync=0.172 s, total=0.208 s; sync files=55, longest=0.008 s, average=0.004 s; distance=334 kB, estimate=334 kB; lsn=0/1847068, redo lsn=0/1847068
2026-10-03 12:06:34.607 CEST [33148] LOG:  database system is shut down
