2026-10-03 11:38:35.741 CEST [33460] LOG:  starting PostgreSQL 18.6 on x86_64-windows, compiled by msvc-19.44.35228, 64-bit
2026-10-03 11:38:35.742 CEST [33460] LOG:  listening on IPv4 address "127.0.0.1", port 51205
2026-10-03 11:38:35.832 CEST [47640] LOG:  database system was shut down at 2026-10-03 11:38:31 CEST
2026-10-03 11:38:35.849 CEST [33460] LOG:  database system is ready to accept connections
2026-10-03 11:38:36.789 CEST [41968] ERROR:  permission denied for table driver_roundtrip
2026-10-03 11:38:36.789 CEST [41968] STATEMENT:  DELETE FROM driver_roundtrip
2026-10-03 11:38:36.816 CEST [53512] ERROR:  must be owner of table driver_roundtrip
2026-10-03 11:38:36.816 CEST [53512] STATEMENT:  ALTER TABLE driver_roundtrip ADD COLUMN extra text
2026-10-03 11:38:37.830 CEST [41644] ERROR:  canceling statement due to statement timeout
2026-10-03 11:38:37.830 CEST [41644] STATEMENT:  SELECT pg_sleep(3)
2026-10-03 11:38:37.831 CEST [41644] LOG:  could not send data to client: An existing connection was forcibly closed by the remote host.
	
2026-10-03 11:38:37.831 CEST [41644] FATAL:  connection to client lost
2026-10-03 11:38:38.892 CEST [31552] ERROR:  column "missing_column" does not exist at character 8
2026-10-03 11:38:38.892 CEST [31552] STATEMENT:  SELECT missing_column FROM driver_roundtrip
2026-10-03 11:38:42.066 CEST [33460] LOG:  received fast shutdown request
2026-10-03 11:38:42.074 CEST [33460] LOG:  aborting any active transactions
2026-10-03 11:38:42.078 CEST [33460] LOG:  background worker "logical replication launcher" (PID 33292) exited with exit code 1
2026-10-03 11:38:42.078 CEST [23472] LOG:  shutting down
2026-10-03 11:38:42.081 CEST [23472] LOG:  checkpoint starting: shutdown immediate
2026-10-03 11:38:42.238 CEST [23472] LOG:  checkpoint complete: wrote 48 buffers (2.3%), wrote 3 SLRU buffers; 0 WAL file(s) added, 0 removed, 0 recycled; write=0.005 s, sync=0.135 s, total=0.161 s; sync files=43, longest=0.005 s, average=0.004 s; distance=223 kB, estimate=223 kB; lsn=0/182B258, redo lsn=0/182B258
2026-10-03 11:38:42.310 CEST [33460] LOG:  database system is shut down
