2026-10-03 14:24:33.752 CEST [27400] LOG:  starting PostgreSQL 18.6 on x86_64-windows, compiled by msvc-19.44.35228, 64-bit
2026-10-03 14:24:33.753 CEST [27400] LOG:  listening on IPv4 address "127.0.0.1", port 58665
2026-10-03 14:24:33.842 CEST [48208] LOG:  database system was shut down at 2026-10-03 14:24:28 CEST
2026-10-03 14:24:33.869 CEST [27400] LOG:  database system is ready to accept connections
2026-10-03 14:24:34.432 CEST [41828] ERROR:  schema "dashboard_v1" already exists
2026-10-03 14:24:34.432 CEST [41828] STATEMENT:  BEGIN;
	CREATE SCHEMA dashboard_v1;
	CREATE TABLE dashboard_v1.snapshot (
	    singleton boolean PRIMARY KEY CHECK (singleton),
	    observed_at timestamptz NOT NULL CHECK (isfinite(observed_at)),
	    payload jsonb NOT NULL CHECK (
	        (jsonb_typeof(payload) = 'object'
	         AND jsonb_typeof(payload->'nodes') = 'array'
	         AND jsonb_typeof(payload->'charts') = 'object') IS TRUE
	    )
	);
	COMMIT;
	
2026-10-03 14:24:34.492 CEST [17712] ERROR:  new row for relation "snapshot" violates check constraint "snapshot_payload_check"
2026-10-03 14:24:34.492 CEST [17712] DETAIL:  Failing row contains (t, 2026-01-02 01:00:00+01, {}).
2026-10-03 14:24:34.492 CEST [17712] STATEMENT:  INSERT INTO dashboard_v1.snapshot (singleton, observed_at, payload)
	             VALUES (true, $1, $2::jsonb)
	             ON CONFLICT (singleton) DO UPDATE
	             SET observed_at = EXCLUDED.observed_at, payload = EXCLUDED.payload
	             WHERE EXCLUDED.observed_at >= dashboard_v1.snapshot.observed_at
2026-10-03 14:24:34.539 CEST [22380] ERROR:  permission denied for table snapshot
2026-10-03 14:24:34.539 CEST [22380] STATEMENT:  DELETE FROM dashboard_v1.snapshot
2026-10-03 14:24:34.568 CEST [45244] ERROR:  permission denied for table snapshot
2026-10-03 14:24:34.568 CEST [45244] STATEMENT:  DELETE FROM dashboard_v1.snapshot
2026-10-03 14:24:34.611 CEST [48660] ERROR:  permission denied for schema dashboard_v1 at character 14
2026-10-03 14:24:34.611 CEST [48660] STATEMENT:  CREATE TABLE dashboard_v1.unexpected (id int)
2026-10-03 14:24:38.325 CEST [27400] LOG:  received fast shutdown request
2026-10-03 14:24:38.332 CEST [27400] LOG:  aborting any active transactions
2026-10-03 14:24:38.337 CEST [27400] LOG:  background worker "logical replication launcher" (PID 53308) exited with exit code 1
2026-10-03 14:24:38.337 CEST [24708] LOG:  shutting down
2026-10-03 14:24:38.340 CEST [24708] LOG:  checkpoint starting: shutdown immediate
2026-10-03 14:24:38.526 CEST [24708] LOG:  checkpoint complete: wrote 60 buffers (2.9%), wrote 3 SLRU buffers; 0 WAL file(s) added, 0 removed, 0 recycled; write=0.008 s, sync=0.152 s, total=0.190 s; sync files=51, longest=0.005 s, average=0.003 s; distance=293 kB, estimate=293 kB; lsn=0/183CB70, redo lsn=0/183CB70
2026-10-03 14:24:38.595 CEST [27400] LOG:  database system is shut down
