2026-10-03 14:20:49.416 CEST [43920] LOG:  starting PostgreSQL 18.6 on x86_64-windows, compiled by msvc-19.44.35228, 64-bit
2026-10-03 14:20:49.417 CEST [43920] LOG:  listening on IPv4 address "127.0.0.1", port 49415
2026-10-03 14:20:49.484 CEST [50364] LOG:  database system was shut down at 2026-10-03 14:20:44 CEST
2026-10-03 14:20:49.503 CEST [43920] LOG:  database system is ready to accept connections
2026-10-03 14:20:51.530 CEST [46592] ERROR:  schema "dashboard_v1" already exists
2026-10-03 14:20:51.530 CEST [46592] STATEMENT:  BEGIN;
	CREATE SCHEMA dashboard_v1;
	CREATE TABLE dashboard_v1.snapshot (
	    singleton boolean PRIMARY KEY CHECK (singleton),
	    observed_at timestamptz NOT NULL CHECK (isfinite(observed_at)),
	    payload jsonb NOT NULL CHECK (
	        (jsonb_typeof(payload) = 'object'
	         AND jsonb_typeof(payload->'nodes') = 'array'
	         AND jsonb_typeof(payload->'charts') = 'object') IS TRUE
	    )
	);
	COMMIT;
	
2026-10-03 14:20:51.581 CEST [37620] ERROR:  new row for relation "snapshot" violates check constraint "snapshot_payload_check"
2026-10-03 14:20:51.581 CEST [37620] DETAIL:  Failing row contains (t, 2026-01-02 01:00:00+01, {}).
2026-10-03 14:20:51.581 CEST [37620] STATEMENT:  INSERT INTO dashboard_v1.snapshot (singleton, observed_at, payload)
	             VALUES (true, $1, $2::jsonb)
	             ON CONFLICT (singleton) DO UPDATE
	             SET observed_at = EXCLUDED.observed_at, payload = EXCLUDED.payload
	             WHERE EXCLUDED.observed_at >= dashboard_v1.snapshot.observed_at
2026-10-03 14:20:51.612 CEST [42480] ERROR:  permission denied for table snapshot
2026-10-03 14:20:51.612 CEST [42480] STATEMENT:  DELETE FROM dashboard_v1.snapshot
2026-10-03 14:20:51.639 CEST [51920] ERROR:  permission denied for table snapshot
2026-10-03 14:20:51.639 CEST [51920] STATEMENT:  DELETE FROM dashboard_v1.snapshot
2026-10-03 14:20:51.669 CEST [49676] ERROR:  permission denied for schema dashboard_v1 at character 14
2026-10-03 14:20:51.669 CEST [49676] STATEMENT:  CREATE TABLE dashboard_v1.unexpected (id int)
2026-10-03 14:20:55.714 CEST [43920] LOG:  received fast shutdown request
2026-10-03 14:20:55.721 CEST [43920] LOG:  aborting any active transactions
2026-10-03 14:20:55.725 CEST [43920] LOG:  background worker "logical replication launcher" (PID 15600) exited with exit code 1
2026-10-03 14:20:55.725 CEST [45620] LOG:  shutting down
2026-10-03 14:20:55.728 CEST [45620] LOG:  checkpoint starting: shutdown immediate
2026-10-03 14:20:55.905 CEST [45620] LOG:  checkpoint complete: wrote 60 buffers (2.9%), wrote 3 SLRU buffers; 0 WAL file(s) added, 0 removed, 0 recycled; write=0.009 s, sync=0.145 s, total=0.180 s; sync files=51, longest=0.005 s, average=0.003 s; distance=293 kB, estimate=293 kB; lsn=0/183CB68, redo lsn=0/183CB68
2026-10-03 14:20:55.987 CEST [43920] LOG:  database system is shut down
