2026-10-04 11:01:02.891 CEST [376] LOG:  starting PostgreSQL 16.15 (Ubuntu 16.15-0ubuntu0.24.04.1) on x86_64-pc-linux-gnu, compiled by gcc (Ubuntu 13.3.0-6ubuntu2~24.04.1) 13.3.0, 64-bit
2026-10-04 11:01:02.891 CEST [376] LOG:  listening on IPv4 address "127.0.0.1", port 39863
2026-10-04 11:01:02.899 CEST [376] LOG:  listening on Unix socket "/home/rehearsal/fusion-dashboard-supervision-dhor6chq/.s.PGSQL.39863"
2026-10-04 11:01:02.906 CEST [379] LOG:  database system was shut down at 2026-10-04 11:01:02 CEST
2026-10-04 11:01:02.916 CEST [376] LOG:  database system is ready to accept connections
2026-10-04 11:01:30.682 CEST [376] LOG:  received fast shutdown request
2026-10-04 11:01:30.685 CEST [376] LOG:  aborting any active transactions
2026-10-04 11:01:30.686 CEST [687] FATAL:  terminating connection due to administrator command
2026-10-04 11:01:30.687 CEST [614] FATAL:  terminating connection due to administrator command
2026-10-04 11:01:30.689 CEST [376] LOG:  background worker "logical replication launcher" (PID 382) exited with exit code 1
2026-10-04 11:01:30.689 CEST [377] LOG:  shutting down
2026-10-04 11:01:30.692 CEST [377] LOG:  checkpoint starting: shutdown immediate
2026-10-04 11:01:30.723 CEST [377] LOG:  checkpoint complete: wrote 57 buffers (2.8%); 0 WAL file(s) added, 0 removed, 0 recycled; write=0.005 s, sync=0.016 s, total=0.034 s; sync files=48, longest=0.003 s, average=0.001 s; distance=174 kB, estimate=174 kB; lsn=0/151B688, redo lsn=0/151B688
2026-10-04 11:01:30.725 CEST [376] LOG:  database system is shut down
2026-10-04 11:01:33.907 CEST [707] LOG:  starting PostgreSQL 16.15 (Ubuntu 16.15-0ubuntu0.24.04.1) on x86_64-pc-linux-gnu, compiled by gcc (Ubuntu 13.3.0-6ubuntu2~24.04.1) 13.3.0, 64-bit
2026-10-04 11:01:33.907 CEST [707] LOG:  listening on IPv4 address "127.0.0.1", port 39863
2026-10-04 11:01:33.912 CEST [707] LOG:  listening on Unix socket "/home/rehearsal/fusion-dashboard-supervision-dhor6chq/.s.PGSQL.39863"
2026-10-04 11:01:33.919 CEST [710] LOG:  database system was shut down at 2026-10-04 11:01:30 CEST
2026-10-04 11:01:33.924 CEST [707] LOG:  database system is ready to accept connections
2026-10-04 11:02:36.151 CEST [707] LOG:  received fast shutdown request
2026-10-04 11:02:36.154 CEST [707] LOG:  aborting any active transactions
2026-10-04 11:02:36.155 CEST [707] LOG:  background worker "logical replication launcher" (PID 713) exited with exit code 1
2026-10-04 11:02:36.156 CEST [708] LOG:  shutting down
2026-10-04 11:02:36.159 CEST [708] LOG:  checkpoint starting: shutdown immediate
2026-10-04 11:02:36.185 CEST [708] LOG:  checkpoint complete: wrote 46 buffers (2.2%); 0 WAL file(s) added, 0 removed, 0 recycled; write=0.005 s, sync=0.009 s, total=0.030 s; sync files=15, longest=0.005 s, average=0.001 s; distance=252 kB, estimate=252 kB; lsn=0/155A6B0, redo lsn=0/155A6B0
2026-10-04 11:02:36.187 CEST [707] LOG:  database system is shut down
