2026-10-03 15:19:27.137 CEST [28084] LOG:  starting PostgreSQL 18.6 on x86_64-windows, compiled by msvc-19.44.35228, 64-bit
2026-10-03 15:19:27.138 CEST [28084] LOG:  listening on IPv4 address "127.0.0.1", port 60755
2026-10-03 15:19:27.209 CEST [46880] LOG:  database system was shut down at 2026-10-03 15:19:22 CEST
2026-10-03 15:19:27.226 CEST [28084] LOG:  database system is ready to accept connections
2026-10-03 15:19:28.952 CEST [16664] ERROR:  schema "dashboard_v1" already exists
2026-10-03 15:19:28.952 CEST [16664] STATEMENT:  BEGIN;
	CREATE SCHEMA dashboard_v1;
	CREATE TABLE dashboard_v1.snapshot (
	    singleton boolean PRIMARY KEY CHECK (singleton),
	    observed_at timestamptz NOT NULL CHECK (isfinite(observed_at)),
	    payload jsonb NOT NULL CHECK (
	        (jsonb_typeof(payload) = 'object'
	         AND jsonb_typeof(payload->'nodes') = 'array'
	         AND jsonb_typeof(payload->'charts') = 'object') IS TRUE
	    )
	);
	COMMIT;
	
2026-10-03 15:19:29.027 CEST [44696] ERROR:  new row for relation "snapshot" violates check constraint "snapshot_payload_check"
2026-10-03 15:19:29.027 CEST [44696] DETAIL:  Failing row contains (t, 2026-01-02 01:00:00+01, {}).
2026-10-03 15:19:29.027 CEST [44696] STATEMENT:  INSERT INTO dashboard_v1.snapshot (singleton, observed_at, payload)
	             VALUES (true, $1, $2::jsonb)
	             ON CONFLICT (singleton) DO UPDATE
	             SET observed_at = EXCLUDED.observed_at, payload = EXCLUDED.payload
	             WHERE EXCLUDED.observed_at >= dashboard_v1.snapshot.observed_at
2026-10-03 15:19:29.061 CEST [29388] ERROR:  permission denied for table snapshot
2026-10-03 15:19:29.061 CEST [29388] STATEMENT:  DELETE FROM dashboard_v1.snapshot
2026-10-03 15:19:29.087 CEST [60096] ERROR:  permission denied for table snapshot
2026-10-03 15:19:29.087 CEST [60096] STATEMENT:  DELETE FROM dashboard_v1.snapshot
2026-10-03 15:19:29.116 CEST [43340] ERROR:  permission denied for schema dashboard_v1 at character 14
2026-10-03 15:19:29.116 CEST [43340] STATEMENT:  CREATE TABLE dashboard_v1.unexpected (id int)
2026-10-03 15:19:33.994 CEST [28084] LOG:  received fast shutdown request
2026-10-03 15:19:34.001 CEST [28084] LOG:  aborting any active transactions
2026-10-03 15:19:34.006 CEST [28084] LOG:  background worker "logical replication launcher" (PID 25668) exited with exit code 1
2026-10-03 15:19:34.006 CEST [57132] LOG:  shutting down
2026-10-03 15:19:34.010 CEST [57132] LOG:  checkpoint starting: shutdown immediate
2026-10-03 15:19:34.197 CEST [57132] LOG:  checkpoint complete: wrote 60 buffers (2.9%), wrote 3 SLRU buffers; 0 WAL file(s) added, 0 removed, 0 recycled; write=0.008 s, sync=0.160 s, total=0.191 s; sync files=51, longest=0.005 s, average=0.004 s; distance=295 kB, estimate=295 kB; lsn=0/183D2F8, redo lsn=0/183D2F8
2026-10-03 15:19:34.306 CEST [28084] LOG:  database system is shut down
