2026-10-03 12:03:28.782 CEST [20940] LOG:  starting PostgreSQL 18.6 on x86_64-windows, compiled by msvc-19.44.35228, 64-bit
2026-10-03 12:03:28.783 CEST [20940] LOG:  listening on IPv4 address "127.0.0.1", port 51672
2026-10-03 12:03:28.857 CEST [39588] LOG:  database system was shut down at 2026-10-03 12:03:23 CEST
2026-10-03 12:03:28.875 CEST [20940] LOG:  database system is ready to accept connections
2026-10-03 12:03:31.707 CEST [3448] ERROR:  permission denied for table driver_roundtrip
2026-10-03 12:03:31.707 CEST [3448] STATEMENT:  DELETE FROM driver_roundtrip
2026-10-03 12:03:31.735 CEST [41676] ERROR:  must be owner of table driver_roundtrip
2026-10-03 12:03:31.735 CEST [41676] STATEMENT:  ALTER TABLE driver_roundtrip ADD COLUMN extra text
2026-10-03 12:03:32.748 CEST [16684] ERROR:  canceling statement due to statement timeout
2026-10-03 12:03:32.748 CEST [16684] STATEMENT:  SELECT pg_sleep(3)
2026-10-03 12:03:32.748 CEST [16684] LOG:  could not send data to client: An established connection was aborted by the software in your host machine.
	
2026-10-03 12:03:32.748 CEST [16684] FATAL:  connection to client lost
2026-10-03 12:03:33.797 CEST [36412] ERROR:  column "missing_column" does not exist at character 8
2026-10-03 12:03:33.797 CEST [36412] STATEMENT:  SELECT missing_column FROM driver_roundtrip
2026-10-03 12:03:34.927 CEST [50960] ERROR:  schema "dashboard_v1" already exists
2026-10-03 12:03:34.927 CEST [50960] STATEMENT:  BEGIN;
	CREATE SCHEMA dashboard_v1;
	CREATE TABLE dashboard_v1.snapshot (
	    singleton boolean PRIMARY KEY CHECK (singleton),
	    observed_at timestamptz NOT NULL CHECK (isfinite(observed_at)),
	    payload jsonb NOT NULL CHECK (
	        (jsonb_typeof(payload) = 'object'
	         AND jsonb_typeof(payload->'nodes') = 'array'
	         AND jsonb_typeof(payload->'charts') = 'object') IS TRUE
	    )
	);
	COMMIT;
	
2026-10-03 12:03:34.983 CEST [17376] ERROR:  new row for relation "snapshot" violates check constraint "snapshot_payload_check"
2026-10-03 12:03:34.983 CEST [17376] DETAIL:  Failing row contains (t, 2026-01-02 01:00:00+01, {}).
2026-10-03 12:03:34.983 CEST [17376] STATEMENT:  INSERT INTO dashboard_v1.snapshot (singleton, observed_at, payload)
	             VALUES (true, $1, $2::jsonb)
	             ON CONFLICT (singleton) DO UPDATE
	             SET observed_at = EXCLUDED.observed_at, payload = EXCLUDED.payload
	             WHERE EXCLUDED.observed_at >= dashboard_v1.snapshot.observed_at
2026-10-03 12:03:35.030 CEST [45956] ERROR:  permission denied for table snapshot
2026-10-03 12:03:35.030 CEST [45956] STATEMENT:  DELETE FROM dashboard_v1.snapshot
2026-10-03 12:03:35.060 CEST [53436] ERROR:  permission denied for table snapshot
2026-10-03 12:03:35.060 CEST [53436] STATEMENT:  DELETE FROM dashboard_v1.snapshot
2026-10-03 12:03:35.088 CEST [46932] ERROR:  permission denied for schema dashboard_v1 at character 14
2026-10-03 12:03:35.088 CEST [46932] STATEMENT:  CREATE TABLE dashboard_v1.unexpected (id int)
2026-10-03 12:03:40.852 CEST [20940] LOG:  received fast shutdown request
2026-10-03 12:03:40.858 CEST [20940] LOG:  aborting any active transactions
2026-10-03 12:03:40.863 CEST [20940] LOG:  background worker "logical replication launcher" (PID 50644) exited with exit code 1
2026-10-03 12:03:40.863 CEST [40432] LOG:  shutting down
2026-10-03 12:03:40.867 CEST [40432] LOG:  checkpoint starting: shutdown immediate
2026-10-03 12:03:41.056 CEST [40432] LOG:  checkpoint complete: wrote 67 buffers (3.3%), wrote 3 SLRU buffers; 0 WAL file(s) added, 0 removed, 0 recycled; write=0.008 s, sync=0.162 s, total=0.193 s; sync files=55, longest=0.004 s, average=0.003 s; distance=334 kB, estimate=334 kB; lsn=0/1847068, redo lsn=0/1847068
2026-10-03 12:03:41.136 CEST [20940] LOG:  database system is shut down
