2026-10-03 14:58:36.306 CEST [55372] LOG:  starting PostgreSQL 18.6 on x86_64-windows, compiled by msvc-19.44.35228, 64-bit
2026-10-03 14:58:36.307 CEST [55372] LOG:  listening on IPv4 address "127.0.0.1", port 59727
2026-10-03 14:58:36.395 CEST [26448] LOG:  database system was shut down at 2026-10-03 14:58:30 CEST
2026-10-03 14:58:36.415 CEST [55372] LOG:  database system is ready to accept connections
2026-10-03 14:58:38.301 CEST [54296] ERROR:  schema "dashboard_v1" already exists
2026-10-03 14:58:38.301 CEST [54296] STATEMENT:  BEGIN;
	CREATE SCHEMA dashboard_v1;
	CREATE TABLE dashboard_v1.snapshot (
	    singleton boolean PRIMARY KEY CHECK (singleton),
	    observed_at timestamptz NOT NULL CHECK (isfinite(observed_at)),
	    payload jsonb NOT NULL CHECK (
	        (jsonb_typeof(payload) = 'object'
	         AND jsonb_typeof(payload->'nodes') = 'array'
	         AND jsonb_typeof(payload->'charts') = 'object') IS TRUE
	    )
	);
	COMMIT;
	
2026-10-03 14:58:38.360 CEST [42144] ERROR:  new row for relation "snapshot" violates check constraint "snapshot_payload_check"
2026-10-03 14:58:38.360 CEST [42144] DETAIL:  Failing row contains (t, 2026-01-02 01:00:00+01, {}).
2026-10-03 14:58:38.360 CEST [42144] STATEMENT:  INSERT INTO dashboard_v1.snapshot (singleton, observed_at, payload)
	             VALUES (true, $1, $2::jsonb)
	             ON CONFLICT (singleton) DO UPDATE
	             SET observed_at = EXCLUDED.observed_at, payload = EXCLUDED.payload
	             WHERE EXCLUDED.observed_at >= dashboard_v1.snapshot.observed_at
2026-10-03 14:58:38.398 CEST [26500] ERROR:  permission denied for table snapshot
2026-10-03 14:58:38.398 CEST [26500] STATEMENT:  DELETE FROM dashboard_v1.snapshot
2026-10-03 14:58:38.438 CEST [30260] ERROR:  permission denied for table snapshot
2026-10-03 14:58:38.438 CEST [30260] STATEMENT:  DELETE FROM dashboard_v1.snapshot
2026-10-03 14:58:38.477 CEST [21612] ERROR:  permission denied for schema dashboard_v1 at character 14
2026-10-03 14:58:38.477 CEST [21612] STATEMENT:  CREATE TABLE dashboard_v1.unexpected (id int)
2026-10-03 14:58:43.468 CEST [55372] LOG:  received fast shutdown request
2026-10-03 14:58:43.476 CEST [55372] LOG:  aborting any active transactions
2026-10-03 14:58:43.482 CEST [55372] LOG:  background worker "logical replication launcher" (PID 55604) exited with exit code 1
2026-10-03 14:58:43.482 CEST [59760] LOG:  shutting down
2026-10-03 14:58:43.492 CEST [59760] LOG:  checkpoint starting: shutdown immediate
2026-10-03 14:58:43.752 CEST [59760] LOG:  checkpoint complete: wrote 60 buffers (2.9%), wrote 3 SLRU buffers; 0 WAL file(s) added, 0 removed, 0 recycled; write=0.010 s, sync=0.215 s, total=0.270 s; sync files=51, longest=0.011 s, average=0.005 s; distance=295 kB, estimate=295 kB; lsn=0/183D2F0, redo lsn=0/183D2F0
2026-10-03 14:58:43.850 CEST [55372] LOG:  database system is shut down
