2026-10-04 11:04:24.056 CEST [379] LOG:  starting PostgreSQL 16.15 (Ubuntu 16.15-0ubuntu0.24.04.1) on x86_64-pc-linux-gnu, compiled by gcc (Ubuntu 13.3.0-6ubuntu2~24.04.1) 13.3.0, 64-bit
2026-10-04 11:04:24.056 CEST [379] LOG:  listening on IPv4 address "127.0.0.1", port 49175
2026-10-04 11:04:24.062 CEST [379] LOG:  listening on Unix socket "/home/rehearsal/fusion-dashboard-supervision-8ukksgxa/.s.PGSQL.49175"
2026-10-04 11:04:24.069 CEST [382] LOG:  database system was shut down at 2026-10-04 11:04:23 CEST
2026-10-04 11:04:24.078 CEST [379] LOG:  database system is ready to accept connections
2026-10-04 11:04:53.127 CEST [379] LOG:  received fast shutdown request
2026-10-04 11:04:53.130 CEST [379] LOG:  aborting any active transactions
2026-10-04 11:04:53.130 CEST [694] FATAL:  terminating connection due to administrator command
2026-10-04 11:04:53.130 CEST [617] FATAL:  terminating connection due to administrator command
2026-10-04 11:04:53.132 CEST [379] LOG:  background worker "logical replication launcher" (PID 385) exited with exit code 1
2026-10-04 11:04:53.134 CEST [380] LOG:  shutting down
2026-10-04 11:04:53.136 CEST [380] LOG:  checkpoint starting: shutdown immediate
2026-10-04 11:04:53.166 CEST [380] LOG:  checkpoint complete: wrote 57 buffers (2.8%); 0 WAL file(s) added, 0 removed, 0 recycled; write=0.005 s, sync=0.014 s, total=0.033 s; sync files=48, longest=0.003 s, average=0.001 s; distance=174 kB, estimate=174 kB; lsn=0/151B930, redo lsn=0/151B930
2026-10-04 11:04:53.167 CEST [379] LOG:  database system is shut down
2026-10-04 11:04:56.349 CEST [711] LOG:  starting PostgreSQL 16.15 (Ubuntu 16.15-0ubuntu0.24.04.1) on x86_64-pc-linux-gnu, compiled by gcc (Ubuntu 13.3.0-6ubuntu2~24.04.1) 13.3.0, 64-bit
2026-10-04 11:04:56.349 CEST [711] LOG:  listening on IPv4 address "127.0.0.1", port 49175
2026-10-04 11:04:56.355 CEST [711] LOG:  listening on Unix socket "/home/rehearsal/fusion-dashboard-supervision-8ukksgxa/.s.PGSQL.49175"
2026-10-04 11:04:56.362 CEST [714] LOG:  database system was shut down at 2026-10-04 11:04:53 CEST
2026-10-04 11:04:56.371 CEST [711] LOG:  database system is ready to accept connections
2026-10-04 11:06:04.872 CEST [711] LOG:  received fast shutdown request
2026-10-04 11:06:04.875 CEST [711] LOG:  aborting any active transactions
2026-10-04 11:06:04.876 CEST [711] LOG:  background worker "logical replication launcher" (PID 717) exited with exit code 1
2026-10-04 11:06:04.877 CEST [712] LOG:  shutting down
2026-10-04 11:06:04.880 CEST [712] LOG:  checkpoint starting: shutdown immediate
2026-10-04 11:06:04.909 CEST [712] LOG:  checkpoint complete: wrote 46 buffers (2.2%); 0 WAL file(s) added, 0 removed, 0 recycled; write=0.005 s, sync=0.013 s, total=0.032 s; sync files=15, longest=0.006 s, average=0.001 s; distance=255 kB, estimate=255 kB; lsn=0/155B7B8, redo lsn=0/155B7B8
2026-10-04 11:06:04.911 CEST [711] LOG:  database system is shut down
