2026-10-04 10:58:53.430 CEST [374] LOG:  starting PostgreSQL 16.15 (Ubuntu 16.15-0ubuntu0.24.04.1) on x86_64-pc-linux-gnu, compiled by gcc (Ubuntu 13.3.0-6ubuntu2~24.04.1) 13.3.0, 64-bit
2026-10-04 10:58:53.430 CEST [374] LOG:  listening on IPv4 address "127.0.0.1", port 56211
2026-10-04 10:58:53.436 CEST [374] LOG:  listening on Unix socket "/home/rehearsal/fusion-dashboard-supervision-ihavkdob/.s.PGSQL.56211"
2026-10-04 10:58:53.443 CEST [377] LOG:  database system was shut down at 2026-10-04 10:58:53 CEST
2026-10-04 10:58:53.451 CEST [374] LOG:  database system is ready to accept connections
2026-10-04 10:59:21.877 CEST [374] LOG:  received fast shutdown request
2026-10-04 10:59:21.894 CEST [374] LOG:  aborting any active transactions
2026-10-04 10:59:21.896 CEST [374] LOG:  background worker "logical replication launcher" (PID 380) exited with exit code 1
2026-10-04 10:59:21.896 CEST [687] FATAL:  terminating connection due to administrator command
2026-10-04 10:59:21.897 CEST [614] FATAL:  terminating connection due to administrator command
2026-10-04 10:59:21.898 CEST [375] LOG:  shutting down
2026-10-04 10:59:21.901 CEST [375] LOG:  checkpoint starting: shutdown immediate
2026-10-04 10:59:21.936 CEST [375] LOG:  checkpoint complete: wrote 57 buffers (2.8%); 0 WAL file(s) added, 0 removed, 0 recycled; write=0.006 s, sync=0.018 s, total=0.038 s; sync files=48, longest=0.006 s, average=0.001 s; distance=174 kB, estimate=174 kB; lsn=0/151B6B0, redo lsn=0/151B6B0
2026-10-04 10:59:21.938 CEST [374] LOG:  database system is shut down
2026-10-04 10:59:25.084 CEST [707] LOG:  starting PostgreSQL 16.15 (Ubuntu 16.15-0ubuntu0.24.04.1) on x86_64-pc-linux-gnu, compiled by gcc (Ubuntu 13.3.0-6ubuntu2~24.04.1) 13.3.0, 64-bit
2026-10-04 10:59:25.084 CEST [707] LOG:  listening on IPv4 address "127.0.0.1", port 56211
2026-10-04 10:59:25.089 CEST [707] LOG:  listening on Unix socket "/home/rehearsal/fusion-dashboard-supervision-ihavkdob/.s.PGSQL.56211"
2026-10-04 10:59:25.098 CEST [710] LOG:  database system was shut down at 2026-10-04 10:59:21 CEST
2026-10-04 10:59:25.104 CEST [707] LOG:  database system is ready to accept connections
2026-10-04 10:59:49.119 CEST [707] LOG:  received fast shutdown request
2026-10-04 10:59:49.124 CEST [707] LOG:  aborting any active transactions
2026-10-04 10:59:49.125 CEST [707] LOG:  background worker "logical replication launcher" (PID 713) exited with exit code 1
2026-10-04 10:59:49.126 CEST [708] LOG:  shutting down
2026-10-04 10:59:49.129 CEST [708] LOG:  checkpoint starting: shutdown immediate
2026-10-04 10:59:49.149 CEST [708] LOG:  checkpoint complete: wrote 7 buffers (0.3%); 0 WAL file(s) added, 0 removed, 0 recycled; write=0.005 s, sync=0.005 s, total=0.023 s; sync files=6, longest=0.003 s, average=0.001 s; distance=12 kB, estimate=12 kB; lsn=0/151E770, redo lsn=0/151E770
2026-10-04 10:59:49.151 CEST [707] LOG:  database system is shut down
