2026-10-03 16:41:33.290 CEST [57592] LOG:  starting PostgreSQL 18.6 on x86_64-windows, compiled by msvc-19.44.35228, 64-bit
2026-10-03 16:41:33.291 CEST [57592] LOG:  listening on IPv4 address "127.0.0.1", port 61108
2026-10-03 16:41:33.361 CEST [48528] LOG:  database system was shut down at 2026-10-03 16:41:28 CEST
2026-10-03 16:41:33.377 CEST [57592] LOG:  database system is ready to accept connections
2026-10-03 16:41:34.867 CEST [4940] ERROR:  schema "dashboard_v1" already exists
2026-10-03 16:41:34.867 CEST [4940] STATEMENT:  BEGIN;
	CREATE SCHEMA dashboard_v1;
	CREATE TABLE dashboard_v1.snapshot (
	    singleton boolean PRIMARY KEY CHECK (singleton),
	    observed_at timestamptz NOT NULL CHECK (isfinite(observed_at)),
	    payload jsonb NOT NULL CHECK (
	        (jsonb_typeof(payload) = 'object'
	         AND jsonb_typeof(payload->'nodes') = 'array'
	         AND jsonb_typeof(payload->'charts') = 'object') IS TRUE
	    )
	);
	COMMIT;
	
2026-10-03 16:41:34.924 CEST [58968] ERROR:  new row for relation "snapshot" violates check constraint "snapshot_payload_check"
2026-10-03 16:41:34.924 CEST [58968] DETAIL:  Failing row contains (t, 2026-01-02 01:00:00+01, {}).
2026-10-03 16:41:34.924 CEST [58968] STATEMENT:  INSERT INTO dashboard_v1.snapshot (singleton, observed_at, payload)
	             VALUES (true, $1, $2::jsonb)
	             ON CONFLICT (singleton) DO UPDATE
	             SET observed_at = EXCLUDED.observed_at, payload = EXCLUDED.payload
	             WHERE EXCLUDED.observed_at >= dashboard_v1.snapshot.observed_at
2026-10-03 16:41:34.956 CEST [28180] ERROR:  permission denied for table snapshot
2026-10-03 16:41:34.956 CEST [28180] STATEMENT:  DELETE FROM dashboard_v1.snapshot
2026-10-03 16:41:35.003 CEST [11528] ERROR:  permission denied for table snapshot
2026-10-03 16:41:35.003 CEST [11528] STATEMENT:  DELETE FROM dashboard_v1.snapshot
2026-10-03 16:41:35.031 CEST [38152] ERROR:  permission denied for schema dashboard_v1 at character 14
2026-10-03 16:41:35.031 CEST [38152] STATEMENT:  CREATE TABLE dashboard_v1.unexpected (id int)
2026-10-03 16:41:39.988 CEST [57592] LOG:  received fast shutdown request
2026-10-03 16:41:39.994 CEST [57592] LOG:  aborting any active transactions
2026-10-03 16:41:40.000 CEST [57592] LOG:  background worker "logical replication launcher" (PID 53176) exited with exit code 1
2026-10-03 16:41:40.000 CEST [50548] LOG:  shutting down
2026-10-03 16:41:40.004 CEST [50548] LOG:  checkpoint starting: shutdown immediate
2026-10-03 16:41:40.217 CEST [50548] LOG:  checkpoint complete: wrote 63 buffers (3.1%), wrote 3 SLRU buffers; 0 WAL file(s) added, 0 removed, 0 recycled; write=0.008 s, sync=0.184 s, total=0.217 s; sync files=51, longest=0.008 s, average=0.004 s; distance=298 kB, estimate=298 kB; lsn=0/183DD30, redo lsn=0/183DD30
2026-10-03 16:41:40.307 CEST [57592] LOG:  database system is shut down
